0 verbose cli /opt/homebrew/Cellar/node/23.7.0/bin/node /opt/homebrew/bin/npm
1 info using npm@10.9.2
2 info using node@v23.7.0
3 silly config load:file:/opt/homebrew/lib/node_modules/npm/npmrc
4 silly config load:file:/Users/soledadarismendi/Sites/Laboratoryum/web-4/.npmrc
5 silly config load:file:/Users/soledadarismendi/.npmrc
6 silly config load:file:/usr/local/etc/npmrc
7 verbose title npm install
8 verbose argv "install" "--cache" "../.npm-cache" "--legacy-peer-deps"
9 verbose logfile logs-max:10 dir:/Users/soledadarismendi/Sites/Laboratoryum/.npm-cache/_logs/2026-06-03T05_10_56_394Z-
10 verbose logfile /Users/soledadarismendi/Sites/Laboratoryum/.npm-cache/_logs/2026-06-03T05_10_56_394Z-debug-0.log
11 silly logfile done cleaning log files
12 silly packumentCache heap:4345298944 maxSize:1086324736 maxEntrySize:543162368
13 silly idealTree buildDeps
14 silly fetch manifest react-helmet-async@^2.0.1
15 silly packumentCache full:https://registry.npmjs.org/react-helmet-async cache-miss
16 http cache https://registry.npmjs.org/react-helmet-async 8ms (cache hit)
17 silly packumentCache full:https://registry.npmjs.org/react-helmet-async set size:229636 disposed:false
18 silly placeDep ROOT react-helmet-async@2.0.5 REPLACE for: web@0.0.0 want: ^2.0.1
19 warn EBADENGINE Unsupported engine {
19 warn EBADENGINE   package: '@eslint/config-array@0.23.5',
19 warn EBADENGINE   required: { node: '^20.19.0 || ^22.13.0 || >=24' },
19 warn EBADENGINE   current: { node: 'v23.7.0', npm: '10.9.2' }
19 warn EBADENGINE }
20 warn EBADENGINE Unsupported engine {
20 warn EBADENGINE   package: '@eslint/config-helpers@0.5.5',
20 warn EBADENGINE   required: { node: '^20.19.0 || ^22.13.0 || >=24' },
20 warn EBADENGINE   current: { node: 'v23.7.0', npm: '10.9.2' }
20 warn EBADENGINE }
21 warn EBADENGINE Unsupported engine {
21 warn EBADENGINE   package: '@eslint/core@1.2.1',
21 warn EBADENGINE   required: { node: '^20.19.0 || ^22.13.0 || >=24' },
21 warn EBADENGINE   current: { node: 'v23.7.0', npm: '10.9.2' }
21 warn EBADENGINE }
22 warn EBADENGINE Unsupported engine {
22 warn EBADENGINE   package: '@eslint/js@10.0.1',
22 warn EBADENGINE   required: { node: '^20.19.0 || ^22.13.0 || >=24' },
22 warn EBADENGINE   current: { node: 'v23.7.0', npm: '10.9.2' }
22 warn EBADENGINE }
23 warn EBADENGINE Unsupported engine {
23 warn EBADENGINE   package: '@eslint/object-schema@3.0.5',
23 warn EBADENGINE   required: { node: '^20.19.0 || ^22.13.0 || >=24' },
23 warn EBADENGINE   current: { node: 'v23.7.0', npm: '10.9.2' }
23 warn EBADENGINE }
24 warn EBADENGINE Unsupported engine {
24 warn EBADENGINE   package: '@eslint/plugin-kit@0.7.1',
24 warn EBADENGINE   required: { node: '^20.19.0 || ^22.13.0 || >=24' },
24 warn EBADENGINE   current: { node: 'v23.7.0', npm: '10.9.2' }
24 warn EBADENGINE }
25 warn EBADENGINE Unsupported engine {
25 warn EBADENGINE   package: 'eslint@10.3.0',
25 warn EBADENGINE   required: { node: '^20.19.0 || ^22.13.0 || >=24' },
25 warn EBADENGINE   current: { node: 'v23.7.0', npm: '10.9.2' }
25 warn EBADENGINE }
26 warn EBADENGINE Unsupported engine {
26 warn EBADENGINE   package: 'eslint-scope@9.1.2',
26 warn EBADENGINE   required: { node: '^20.19.0 || ^22.13.0 || >=24' },
26 warn EBADENGINE   current: { node: 'v23.7.0', npm: '10.9.2' }
26 warn EBADENGINE }
27 warn EBADENGINE Unsupported engine {
27 warn EBADENGINE   package: 'eslint-visitor-keys@5.0.1',
27 warn EBADENGINE   required: { node: '^20.19.0 || ^22.13.0 || >=24' },
27 warn EBADENGINE   current: { node: 'v23.7.0', npm: '10.9.2' }
27 warn EBADENGINE }
28 warn EBADENGINE Unsupported engine {
28 warn EBADENGINE   package: 'espree@11.2.0',
28 warn EBADENGINE   required: { node: '^20.19.0 || ^22.13.0 || >=24' },
28 warn EBADENGINE   current: { node: 'v23.7.0', npm: '10.9.2' }
28 warn EBADENGINE }
29 silly reify moves {}
30 silly audit bulk request {
30 silly audit   '@babel/code-frame': [ '7.29.0' ],
30 silly audit   '@babel/compat-data': [ '7.29.3' ],
30 silly audit   '@babel/core': [ '7.29.0' ],
30 silly audit   '@babel/generator': [ '7.29.1' ],
30 silly audit   '@babel/helper-compilation-targets': [ '7.28.6' ],
30 silly audit   '@babel/helper-globals': [ '7.28.0' ],
30 silly audit   '@babel/helper-module-imports': [ '7.28.6' ],
30 silly audit   '@babel/helper-module-transforms': [ '7.28.6' ],
30 silly audit   '@babel/helper-string-parser': [ '7.27.1' ],
30 silly audit   '@babel/helper-validator-identifier': [ '7.28.5' ],
30 silly audit   '@babel/helper-validator-option': [ '7.27.1' ],
30 silly audit   '@babel/helpers': [ '7.29.2' ],
30 silly audit   '@babel/parser': [ '7.29.3' ],
30 silly audit   '@babel/template': [ '7.28.6' ],
30 silly audit   '@babel/traverse': [ '7.29.0' ],
30 silly audit   '@babel/types': [ '7.29.0' ],
30 silly audit   '@emnapi/core': [ '1.10.0' ],
30 silly audit   '@emnapi/runtime': [ '1.10.0' ],
30 silly audit   '@emnapi/wasi-threads': [ '1.2.1' ],
30 silly audit   '@eslint-community/eslint-utils': [ '4.9.1' ],
30 silly audit   'eslint-visitor-keys': [ '3.4.3', '5.0.1' ],
30 silly audit   '@eslint-community/regexpp': [ '4.12.2' ],
30 silly audit   '@eslint/config-array': [ '0.23.5' ],
30 silly audit   '@eslint/config-helpers': [ '0.5.5' ],
30 silly audit   '@eslint/core': [ '1.2.1' ],
30 silly audit   '@eslint/js': [ '10.0.1' ],
30 silly audit   '@eslint/object-schema': [ '3.0.5' ],
30 silly audit   '@eslint/plugin-kit': [ '0.7.1' ],
30 silly audit   '@humanfs/core': [ '0.19.2' ],
30 silly audit   '@humanfs/node': [ '0.16.8' ],
30 silly audit   '@humanfs/types': [ '0.15.0' ],
30 silly audit   '@humanwhocodes/module-importer': [ '1.0.1' ],
30 silly audit   '@humanwhocodes/retry': [ '0.4.3' ],
30 silly audit   '@jridgewell/gen-mapping': [ '0.3.13' ],
30 silly audit   '@jridgewell/remapping': [ '2.3.5' ],
30 silly audit   '@jridgewell/resolve-uri': [ '3.1.2' ],
30 silly audit   '@jridgewell/sourcemap-codec': [ '1.5.5' ],
30 silly audit   '@jridgewell/trace-mapping': [ '0.3.31' ],
30 silly audit   '@napi-rs/wasm-runtime': [ '1.1.4' ],
30 silly audit   '@oxc-project/types': [ '0.127.0' ],
30 silly audit   '@rolldown/binding-android-arm64': [ '1.0.0-rc.17' ],
30 silly audit   '@rolldown/binding-darwin-arm64': [ '1.0.0-rc.17' ],
30 silly audit   '@rolldown/binding-darwin-x64': [ '1.0.0-rc.17' ],
30 silly audit   '@rolldown/binding-freebsd-x64': [ '1.0.0-rc.17' ],
30 silly audit   '@rolldown/binding-linux-arm-gnueabihf': [ '1.0.0-rc.17' ],
30 silly audit   '@rolldown/binding-linux-arm64-gnu': [ '1.0.0-rc.17' ],
30 silly audit   '@rolldown/binding-linux-arm64-musl': [ '1.0.0-rc.17' ],
30 silly audit   '@rolldown/binding-linux-ppc64-gnu': [ '1.0.0-rc.17' ],
30 silly audit   '@rolldown/binding-linux-s390x-gnu': [ '1.0.0-rc.17' ],
30 silly audit   '@rolldown/binding-linux-x64-gnu': [ '1.0.0-rc.17' ],
30 silly audit   '@rolldown/binding-linux-x64-musl': [ '1.0.0-rc.17' ],
30 silly audit   '@rolldown/binding-openharmony-arm64': [ '1.0.0-rc.17' ],
30 silly audit   '@rolldown/binding-wasm32-wasi': [ '1.0.0-rc.17' ],
30 silly audit   '@rolldown/binding-win32-arm64-msvc': [ '1.0.0-rc.17' ],
30 silly audit   '@rolldown/binding-win32-x64-msvc': [ '1.0.0-rc.17' ],
30 silly audit   '@rolldown/pluginutils': [ '1.0.0-rc.7', '1.0.0-rc.17' ],
30 silly audit   '@tybys/wasm-util': [ '0.10.2' ],
30 silly audit   '@types/esrecurse': [ '4.3.1' ],
30 silly audit   '@types/estree': [ '1.0.8' ],
30 silly audit   '@types/json-schema': [ '7.0.15' ],
30 silly audit   '@types/node': [ '24.12.2' ],
30 silly audit   '@types/react': [ '19.2.14' ],
30 silly audit   '@types/react-dom': [ '19.2.3' ],
30 silly audit   '@typescript-eslint/eslint-plugin': [ '8.59.2' ],
30 silly audit   ignore: [ '7.0.5', '5.3.2' ],
30 silly audit   '@typescript-eslint/parser': [ '8.59.2' ],
30 silly audit   '@typescript-eslint/project-service': [ '8.59.2' ],
30 silly audit   '@typescript-eslint/scope-manager': [ '8.59.2' ],
30 silly audit   '@typescript-eslint/tsconfig-utils': [ '8.59.2' ],
30 silly audit   '@typescript-eslint/type-utils': [ '8.59.2' ],
30 silly audit   '@typescript-eslint/types': [ '8.59.2' ],
30 silly audit   '@typescript-eslint/typescript-estree': [ '8.59.2' ],
30 silly audit   semver: [ '7.7.4', '6.3.1' ],
30 silly audit   '@typescript-eslint/utils': [ '8.59.2' ],
30 silly audit   '@typescript-eslint/visitor-keys': [ '8.59.2' ],
30 silly audit   '@vitejs/plugin-react': [ '6.0.1' ],
30 silly audit   acorn: [ '8.16.0' ],
30 silly audit   'acorn-jsx': [ '5.3.2' ],
30 silly audit   ajv: [ '6.15.0' ],
30 silly audit   'balanced-match': [ '4.0.4' ],
30 silly audit   'baseline-browser-mapping': [ '2.10.27' ],
30 silly audit   'brace-expansion': [ '5.0.5' ],
30 silly audit   browserslist: [ '4.28.2' ],
30 silly audit   'caniuse-lite': [ '1.0.30001792' ],
30 silly audit   'convert-source-map': [ '2.0.0' ],
30 silly audit   cookie: [ '1.1.1' ],
30 silly audit   'cross-spawn': [ '7.0.6' ],
30 silly audit   csstype: [ '3.2.3' ],
30 silly audit   debug: [ '4.4.3' ],
30 silly audit   'deep-is': [ '0.1.4' ],
30 silly audit   'detect-libc': [ '2.1.2' ],
30 silly audit   'electron-to-chromium': [ '1.5.351' ],
30 silly audit   escalade: [ '3.2.0' ],
30 silly audit   'escape-string-regexp': [ '4.0.0' ],
30 silly audit   eslint: [ '10.3.0' ],
30 silly audit   'eslint-plugin-react-hooks': [ '7.1.1' ],
30 silly audit   'eslint-plugin-react-refresh': [ '0.5.2' ],
30 silly audit   'eslint-scope': [ '9.1.2' ],
30 silly audit   espree: [ '11.2.0' ],
30 silly audit   esquery: [ '1.7.0' ],
30 silly audit   esrecurse: [ '4.3.0' ],
30 silly audit   estraverse: [ '5.3.0' ],
30 silly audit   esutils: [ '2.0.3' ],
30 silly audit   'fast-deep-equal': [ '3.1.3' ],
30 silly audit   'fast-json-stable-stringify': [ '2.1.0' ],
30 silly audit   'fast-levenshtein': [ '2.0.6' ],
30 silly audit   fdir: [ '6.5.0' ],
30 silly audit   'file-entry-cache': [ '8.0.0' ],
30 silly audit   'find-up': [ '5.0.0' ],
30 silly audit   'flat-cache': [ '4.0.1' ],
30 silly audit   flatted: [ '3.4.2' ],
30 silly audit   fsevents: [ '2.3.3' ],
30 silly audit   gensync: [ '1.0.0-beta.2' ],
30 silly audit   'glob-parent': [ '6.0.2' ],
30 silly audit   globals: [ '17.6.0' ],
30 silly audit   'hermes-estree': [ '0.25.1' ],
30 silly audit   'hermes-parser': [ '0.25.1' ],
30 silly audit   imurmurhash: [ '0.1.4' ],
30 silly audit   invariant: [ '2.2.4' ],
30 silly audit   'is-extglob': [ '2.1.1' ],
30 silly audit   'is-glob': [ '4.0.3' ],
30 silly audit   isexe: [ '2.0.0' ],
30 silly audit   'js-tokens': [ '4.0.0' ],
30 silly audit   jsesc: [ '3.1.0' ],
30 silly audit   'json-buffer': [ '3.0.1' ],
30 silly audit   'json-schema-traverse': [ '0.4.1' ],
30 silly audit   'json-stable-stringify-without-jsonify': [ '1.0.1' ],
30 silly audit   json5: [ '2.2.3' ],
30 silly audit   keyv: [ '4.5.4' ],
30 silly audit   levn: [ '0.4.1' ],
30 silly audit   lightningcss: [ '1.32.0' ],
30 silly audit   'lightningcss-android-arm64': [ '1.32.0' ],
30 silly audit   'lightningcss-darwin-arm64': [ '1.32.0' ],
30 silly audit   'lightningcss-darwin-x64': [ '1.32.0' ],
30 silly audit   'lightningcss-freebsd-x64': [ '1.32.0' ],
30 silly audit   'lightningcss-linux-arm-gnueabihf': [ '1.32.0' ],
30 silly audit   'lightningcss-linux-arm64-gnu': [ '1.32.0' ],
30 silly audit   'lightningcss-linux-arm64-musl': [ '1.32.0' ],
30 silly audit   'lightningcss-linux-x64-gnu': [ '1.32.0' ],
30 silly audit   'lightningcss-linux-x64-musl': [ '1.32.0' ],
30 silly audit   'lightningcss-win32-arm64-msvc': [ '1.32.0' ],
30 silly audit   'lightningcss-win32-x64-msvc': [ '1.32.0' ],
30 silly audit   'locate-path': [ '6.0.0' ],
30 silly audit   'loose-envify': [ '1.4.0' ],
30 silly audit   'lru-cache': [ '5.1.1' ],
30 silly audit   minimatch: [ '10.2.5' ],
30 silly audit   ms: [ '2.1.3' ],
30 silly audit   nanoid: [ '3.3.12' ],
30 silly audit   'natural-compare': [ '1.4.0' ],
30 silly audit   'node-releases': [ '2.0.38' ],
30 silly audit   optionator: [ '0.9.4' ],
30 silly audit   'p-limit': [ '3.1.0' ],
30 silly audit   'p-locate': [ '5.0.0' ],
30 silly audit   'path-exists': [ '4.0.0' ],
30 silly audit   'path-key': [ '3.1.1' ],
30 silly audit   picocolors: [ '1.1.1' ],
30 silly audit   picomatch: [ '4.0.4' ],
30 silly audit   postcss: [ '8.5.14' ],
30 silly audit   'prelude-ls': [ '1.2.1' ],
30 silly audit   punycode: [ '2.3.1' ],
30 silly audit   react: [ '19.2.6' ],
30 silly audit   'react-dom': [ '19.2.6' ],
30 silly audit   'react-fast-compare': [ '3.2.2' ],
30 silly audit   'react-router': [ '7.15.0' ],
30 silly audit   'react-router-dom': [ '7.15.0' ],
30 silly audit   rolldown: [ '1.0.0-rc.17' ],
30 silly audit   scheduler: [ '0.27.0' ],
30 silly audit   'set-cookie-parser': [ '2.7.2' ],
30 silly audit   shallowequal: [ '1.1.0' ],
30 silly audit   'shebang-command': [ '2.0.0' ],
30 silly audit   'shebang-regex': [ '3.0.0' ],
30 silly audit   'source-map-js': [ '1.2.1' ],
30 silly audit   tinyglobby: [ '0.2.16' ],
30 silly audit   'ts-api-utils': [ '2.5.0' ],
30 silly audit   tslib: [ '2.8.1' ],
30 silly audit   'type-check': [ '0.4.0' ],
30 silly audit   typescript: [ '6.0.3' ],
30 silly audit   'typescript-eslint': [ '8.59.2' ],
30 silly audit   'undici-types': [ '7.16.0' ],
30 silly audit   'update-browserslist-db': [ '1.2.3' ],
30 silly audit   'uri-js': [ '4.4.1' ],
30 silly audit   vite: [ '8.0.10' ],
30 silly audit   which: [ '2.0.2' ],
30 silly audit   'word-wrap': [ '1.2.5' ],
30 silly audit   yallist: [ '3.1.1' ],
30 silly audit   'yocto-queue': [ '0.1.0' ],
30 silly audit   zod: [ '4.4.3' ],
30 silly audit   'zod-validation-error': [ '4.0.2' ],
30 silly audit   'react-helmet-async': [ '2.0.5' ]
30 silly audit }
31 verbose reify failed optional dependency /Users/soledadarismendi/Sites/Laboratoryum/web-4/node_modules/lightningcss-win32-x64-msvc
32 silly reify mark deleted [
32 silly reify   '/Users/soledadarismendi/Sites/Laboratoryum/web-4/node_modules/lightningcss-win32-x64-msvc'
32 silly reify ]
33 verbose reify failed optional dependency /Users/soledadarismendi/Sites/Laboratoryum/web-4/node_modules/lightningcss-win32-arm64-msvc
34 silly reify mark deleted [
34 silly reify   '/Users/soledadarismendi/Sites/Laboratoryum/web-4/node_modules/lightningcss-win32-arm64-msvc'
34 silly reify ]
35 verbose reify failed optional dependency /Users/soledadarismendi/Sites/Laboratoryum/web-4/node_modules/lightningcss-linux-x64-musl
36 silly reify mark deleted [
36 silly reify   '/Users/soledadarismendi/Sites/Laboratoryum/web-4/node_modules/lightningcss-linux-x64-musl'
36 silly reify ]
37 verbose reify failed optional dependency /Users/soledadarismendi/Sites/Laboratoryum/web-4/node_modules/lightningcss-linux-x64-gnu
38 silly reify mark deleted [
38 silly reify   '/Users/soledadarismendi/Sites/Laboratoryum/web-4/node_modules/lightningcss-linux-x64-gnu'
38 silly reify ]
39 verbose reify failed optional dependency /Users/soledadarismendi/Sites/Laboratoryum/web-4/node_modules/lightningcss-linux-arm64-musl
40 silly reify mark deleted [
40 silly reify   '/Users/soledadarismendi/Sites/Laboratoryum/web-4/node_modules/lightningcss-linux-arm64-musl'
40 silly reify ]
41 verbose reify failed optional dependency /Users/soledadarismendi/Sites/Laboratoryum/web-4/node_modules/lightningcss-linux-arm64-gnu
42 silly reify mark deleted [
42 silly reify   '/Users/soledadarismendi/Sites/Laboratoryum/web-4/node_modules/lightningcss-linux-arm64-gnu'
42 silly reify ]
43 verbose reify failed optional dependency /Users/soledadarismendi/Sites/Laboratoryum/web-4/node_modules/lightningcss-linux-arm-gnueabihf
44 silly reify mark deleted [
44 silly reify   '/Users/soledadarismendi/Sites/Laboratoryum/web-4/node_modules/lightningcss-linux-arm-gnueabihf'
44 silly reify ]
45 verbose reify failed optional dependency /Users/soledadarismendi/Sites/Laboratoryum/web-4/node_modules/lightningcss-freebsd-x64
46 silly reify mark deleted [
46 silly reify   '/Users/soledadarismendi/Sites/Laboratoryum/web-4/node_modules/lightningcss-freebsd-x64'
46 silly reify ]
47 verbose reify failed optional dependency /Users/soledadarismendi/Sites/Laboratoryum/web-4/node_modules/lightningcss-darwin-x64
48 silly reify mark deleted [
48 silly reify   '/Users/soledadarismendi/Sites/Laboratoryum/web-4/node_modules/lightningcss-darwin-x64'
48 silly reify ]
49 verbose reify failed optional dependency /Users/soledadarismendi/Sites/Laboratoryum/web-4/node_modules/lightningcss-android-arm64
50 silly reify mark deleted [
50 silly reify   '/Users/soledadarismendi/Sites/Laboratoryum/web-4/node_modules/lightningcss-android-arm64'
50 silly reify ]
51 verbose reify failed optional dependency /Users/soledadarismendi/Sites/Laboratoryum/web-4/node_modules/@rolldown/binding-win32-x64-msvc
52 silly reify mark deleted [
52 silly reify   '/Users/soledadarismendi/Sites/Laboratoryum/web-4/node_modules/@rolldown/binding-win32-x64-msvc'
52 silly reify ]
53 verbose reify failed optional dependency /Users/soledadarismendi/Sites/Laboratoryum/web-4/node_modules/@rolldown/binding-win32-arm64-msvc
54 silly reify mark deleted [
54 silly reify   '/Users/soledadarismendi/Sites/Laboratoryum/web-4/node_modules/@rolldown/binding-win32-arm64-msvc'
54 silly reify ]
55 verbose reify failed optional dependency /Users/soledadarismendi/Sites/Laboratoryum/web-4/node_modules/@rolldown/binding-wasm32-wasi
56 silly reify mark deleted [
56 silly reify   '/Users/soledadarismendi/Sites/Laboratoryum/web-4/node_modules/@rolldown/binding-wasm32-wasi'
56 silly reify ]
57 verbose reify failed optional dependency /Users/soledadarismendi/Sites/Laboratoryum/web-4/node_modules/@emnapi/core
58 silly reify mark deleted [
58 silly reify   '/Users/soledadarismendi/Sites/Laboratoryum/web-4/node_modules/@emnapi/core'
58 silly reify ]
59 verbose reify failed optional dependency /Users/soledadarismendi/Sites/Laboratoryum/web-4/node_modules/@emnapi/runtime
60 silly reify mark deleted [
60 silly reify   '/Users/soledadarismendi/Sites/Laboratoryum/web-4/node_modules/@emnapi/runtime'
60 silly reify ]
61 verbose reify failed optional dependency /Users/soledadarismendi/Sites/Laboratoryum/web-4/node_modules/@napi-rs/wasm-runtime
62 silly reify mark deleted [
62 silly reify   '/Users/soledadarismendi/Sites/Laboratoryum/web-4/node_modules/@napi-rs/wasm-runtime'
62 silly reify ]
63 verbose reify failed optional dependency /Users/soledadarismendi/Sites/Laboratoryum/web-4/node_modules/@emnapi/wasi-threads
64 silly reify mark deleted [
64 silly reify   '/Users/soledadarismendi/Sites/Laboratoryum/web-4/node_modules/@emnapi/wasi-threads'
64 silly reify ]
65 verbose reify failed optional dependency /Users/soledadarismendi/Sites/Laboratoryum/web-4/node_modules/tslib
66 silly reify mark deleted [
66 silly reify   '/Users/soledadarismendi/Sites/Laboratoryum/web-4/node_modules/tslib'
66 silly reify ]
67 verbose reify failed optional dependency /Users/soledadarismendi/Sites/Laboratoryum/web-4/node_modules/@tybys/wasm-util
68 silly reify mark deleted [
68 silly reify   '/Users/soledadarismendi/Sites/Laboratoryum/web-4/node_modules/@tybys/wasm-util'
68 silly reify ]
69 verbose reify failed optional dependency /Users/soledadarismendi/Sites/Laboratoryum/web-4/node_modules/@rolldown/binding-openharmony-arm64
70 silly reify mark deleted [
70 silly reify   '/Users/soledadarismendi/Sites/Laboratoryum/web-4/node_modules/@rolldown/binding-openharmony-arm64'
70 silly reify ]
71 verbose reify failed optional dependency /Users/soledadarismendi/Sites/Laboratoryum/web-4/node_modules/@rolldown/binding-linux-x64-musl
72 silly reify mark deleted [
72 silly reify   '/Users/soledadarismendi/Sites/Laboratoryum/web-4/node_modules/@rolldown/binding-linux-x64-musl'
72 silly reify ]
73 verbose reify failed optional dependency /Users/soledadarismendi/Sites/Laboratoryum/web-4/node_modules/@rolldown/binding-linux-x64-gnu
74 silly reify mark deleted [
74 silly reify   '/Users/soledadarismendi/Sites/Laboratoryum/web-4/node_modules/@rolldown/binding-linux-x64-gnu'
74 silly reify ]
75 verbose reify failed optional dependency /Users/soledadarismendi/Sites/Laboratoryum/web-4/node_modules/@rolldown/binding-linux-s390x-gnu
76 silly reify mark deleted [
76 silly reify   '/Users/soledadarismendi/Sites/Laboratoryum/web-4/node_modules/@rolldown/binding-linux-s390x-gnu'
76 silly reify ]
77 verbose reify failed optional dependency /Users/soledadarismendi/Sites/Laboratoryum/web-4/node_modules/@rolldown/binding-linux-ppc64-gnu
78 silly reify mark deleted [
78 silly reify   '/Users/soledadarismendi/Sites/Laboratoryum/web-4/node_modules/@rolldown/binding-linux-ppc64-gnu'
78 silly reify ]
79 verbose reify failed optional dependency /Users/soledadarismendi/Sites/Laboratoryum/web-4/node_modules/@rolldown/binding-linux-arm64-musl
80 silly reify mark deleted [
80 silly reify   '/Users/soledadarismendi/Sites/Laboratoryum/web-4/node_modules/@rolldown/binding-linux-arm64-musl'
80 silly reify ]
81 verbose reify failed optional dependency /Users/soledadarismendi/Sites/Laboratoryum/web-4/node_modules/@rolldown/binding-linux-arm64-gnu
82 silly reify mark deleted [
82 silly reify   '/Users/soledadarismendi/Sites/Laboratoryum/web-4/node_modules/@rolldown/binding-linux-arm64-gnu'
82 silly reify ]
83 verbose reify failed optional dependency /Users/soledadarismendi/Sites/Laboratoryum/web-4/node_modules/@rolldown/binding-linux-arm-gnueabihf
84 silly reify mark deleted [
84 silly reify   '/Users/soledadarismendi/Sites/Laboratoryum/web-4/node_modules/@rolldown/binding-linux-arm-gnueabihf'
84 silly reify ]
85 verbose reify failed optional dependency /Users/soledadarismendi/Sites/Laboratoryum/web-4/node_modules/@rolldown/binding-freebsd-x64
86 silly reify mark deleted [
86 silly reify   '/Users/soledadarismendi/Sites/Laboratoryum/web-4/node_modules/@rolldown/binding-freebsd-x64'
86 silly reify ]
87 verbose reify failed optional dependency /Users/soledadarismendi/Sites/Laboratoryum/web-4/node_modules/@rolldown/binding-darwin-x64
88 silly reify mark deleted [
88 silly reify   '/Users/soledadarismendi/Sites/Laboratoryum/web-4/node_modules/@rolldown/binding-darwin-x64'
88 silly reify ]
89 verbose reify failed optional dependency /Users/soledadarismendi/Sites/Laboratoryum/web-4/node_modules/@rolldown/binding-android-arm64
90 silly reify mark deleted [
90 silly reify   '/Users/soledadarismendi/Sites/Laboratoryum/web-4/node_modules/@rolldown/binding-android-arm64'
90 silly reify ]
91 http cache react-helmet-async@https://registry.npmjs.org/react-helmet-async/-/react-helmet-async-2.0.5.tgz 0ms (cache hit)
92 http cache zod@https://registry.npmjs.org/zod/-/zod-4.4.3.tgz 0ms (cache hit)
93 http cache zod-validation-error@https://registry.npmjs.org/zod-validation-error/-/zod-validation-error-4.0.2.tgz 0ms (cache hit)
94 http cache which@https://registry.npmjs.org/which/-/which-2.0.2.tgz 0ms (cache hit)
95 http cache word-wrap@https://registry.npmjs.org/word-wrap/-/word-wrap-1.2.5.tgz 0ms (cache hit)
96 http cache vite@https://registry.npmjs.org/vite/-/vite-8.0.10.tgz 0ms (cache hit)
97 http cache yocto-queue@https://registry.npmjs.org/yocto-queue/-/yocto-queue-0.1.0.tgz 0ms (cache hit)
98 http cache yallist@https://registry.npmjs.org/yallist/-/yallist-3.1.1.tgz 0ms (cache hit)
99 http cache undici-types@https://registry.npmjs.org/undici-types/-/undici-types-7.16.0.tgz 0ms (cache hit)
100 http cache uri-js@https://registry.npmjs.org/uri-js/-/uri-js-4.4.1.tgz 0ms (cache hit)
101 http cache typescript@https://registry.npmjs.org/typescript/-/typescript-6.0.3.tgz 1ms (cache hit)
102 http cache typescript-eslint@https://registry.npmjs.org/typescript-eslint/-/typescript-eslint-8.59.2.tgz 0ms (cache hit)
103 http cache type-check@https://registry.npmjs.org/type-check/-/type-check-0.4.0.tgz 0ms (cache hit)
104 http cache update-browserslist-db@https://registry.npmjs.org/update-browserslist-db/-/update-browserslist-db-1.2.3.tgz 0ms (cache hit)
105 http cache ts-api-utils@https://registry.npmjs.org/ts-api-utils/-/ts-api-utils-2.5.0.tgz 0ms (cache hit)
106 http cache tinyglobby@https://registry.npmjs.org/tinyglobby/-/tinyglobby-0.2.16.tgz 0ms (cache hit)
107 http cache shebang-regex@https://registry.npmjs.org/shebang-regex/-/shebang-regex-3.0.0.tgz 0ms (cache hit)
108 http cache shebang-command@https://registry.npmjs.org/shebang-command/-/shebang-command-2.0.0.tgz 0ms (cache hit)
109 http cache source-map-js@https://registry.npmjs.org/source-map-js/-/source-map-js-1.2.1.tgz 0ms (cache hit)
110 http cache shallowequal@https://registry.npmjs.org/shallowequal/-/shallowequal-1.1.0.tgz 0ms (cache hit)
111 http cache set-cookie-parser@https://registry.npmjs.org/set-cookie-parser/-/set-cookie-parser-2.7.2.tgz 0ms (cache hit)
112 http cache tslib@https://registry.npmjs.org/tslib/-/tslib-2.8.1.tgz 0ms (cache hit)
113 http cache rolldown@https://registry.npmjs.org/rolldown/-/rolldown-1.0.0-rc.17.tgz 0ms (cache hit)
114 http cache semver@https://registry.npmjs.org/semver/-/semver-6.3.1.tgz 0ms (cache hit)
115 http cache scheduler@https://registry.npmjs.org/scheduler/-/scheduler-0.27.0.tgz 0ms (cache hit)
116 http cache react-router-dom@https://registry.npmjs.org/react-router-dom/-/react-router-dom-7.15.0.tgz 0ms (cache hit)
117 http cache react-fast-compare@https://registry.npmjs.org/react-fast-compare/-/react-fast-compare-3.2.2.tgz 0ms (cache hit)
118 http cache react-router@https://registry.npmjs.org/react-router/-/react-router-7.15.0.tgz 0ms (cache hit)
119 http cache prelude-ls@https://registry.npmjs.org/prelude-ls/-/prelude-ls-1.2.1.tgz 0ms (cache hit)
120 http cache react@https://registry.npmjs.org/react/-/react-19.2.6.tgz 0ms (cache hit)
121 http cache punycode@https://registry.npmjs.org/punycode/-/punycode-2.3.1.tgz 0ms (cache hit)
122 http cache react-dom@https://registry.npmjs.org/react-dom/-/react-dom-19.2.6.tgz 0ms (cache hit)
123 http cache picocolors@https://registry.npmjs.org/picocolors/-/picocolors-1.1.1.tgz 0ms (cache hit)
124 http cache path-key@https://registry.npmjs.org/path-key/-/path-key-3.1.1.tgz 0ms (cache hit)
125 http cache path-exists@https://registry.npmjs.org/path-exists/-/path-exists-4.0.0.tgz 0ms (cache hit)
126 http cache p-locate@https://registry.npmjs.org/p-locate/-/p-locate-5.0.0.tgz 0ms (cache hit)
127 http cache p-limit@https://registry.npmjs.org/p-limit/-/p-limit-3.1.0.tgz 0ms (cache hit)
128 http cache optionator@https://registry.npmjs.org/optionator/-/optionator-0.9.4.tgz 0ms (cache hit)
129 http cache node-releases@https://registry.npmjs.org/node-releases/-/node-releases-2.0.38.tgz 0ms (cache hit)
130 http cache natural-compare@https://registry.npmjs.org/natural-compare/-/natural-compare-1.4.0.tgz 1ms (cache hit)
131 http cache postcss@https://registry.npmjs.org/postcss/-/postcss-8.5.14.tgz 0ms (cache hit)
132 http cache nanoid@https://registry.npmjs.org/nanoid/-/nanoid-3.3.12.tgz 0ms (cache hit)
133 http cache ms@https://registry.npmjs.org/ms/-/ms-2.1.3.tgz 0ms (cache hit)
134 http cache lru-cache@https://registry.npmjs.org/lru-cache/-/lru-cache-5.1.1.tgz 0ms (cache hit)
135 http cache loose-envify@https://registry.npmjs.org/loose-envify/-/loose-envify-1.4.0.tgz 0ms (cache hit)
136 http cache locate-path@https://registry.npmjs.org/locate-path/-/locate-path-6.0.0.tgz 0ms (cache hit)
137 http cache minimatch@https://registry.npmjs.org/minimatch/-/minimatch-10.2.5.tgz 0ms (cache hit)
138 http cache picomatch@https://registry.npmjs.org/picomatch/-/picomatch-4.0.4.tgz 0ms (cache hit)
139 http cache levn@https://registry.npmjs.org/levn/-/levn-0.4.1.tgz 0ms (cache hit)
140 http cache lightningcss-darwin-arm64@https://registry.npmjs.org/lightningcss-darwin-arm64/-/lightningcss-darwin-arm64-1.32.0.tgz 0ms (cache hit)
141 http cache lightningcss@https://registry.npmjs.org/lightningcss/-/lightningcss-1.32.0.tgz 0ms (cache hit)
142 http cache keyv@https://registry.npmjs.org/keyv/-/keyv-4.5.4.tgz 0ms (cache hit)
143 http cache json-schema-traverse@https://registry.npmjs.org/json-schema-traverse/-/json-schema-traverse-0.4.1.tgz 0ms (cache hit)
144 http cache json-stable-stringify-without-jsonify@https://registry.npmjs.org/json-stable-stringify-without-jsonify/-/json-stable-stringify-without-jsonify-1.0.1.tgz 0ms (cache hit)
145 http cache json5@https://registry.npmjs.org/json5/-/json5-2.2.3.tgz 0ms (cache hit)
146 http cache jsesc@https://registry.npmjs.org/jsesc/-/jsesc-3.1.0.tgz 0ms (cache hit)
147 http cache json-buffer@https://registry.npmjs.org/json-buffer/-/json-buffer-3.0.1.tgz 0ms (cache hit)
148 http cache is-glob@https://registry.npmjs.org/is-glob/-/is-glob-4.0.3.tgz 0ms (cache hit)
149 http cache js-tokens@https://registry.npmjs.org/js-tokens/-/js-tokens-4.0.0.tgz 0ms (cache hit)
150 http cache invariant@https://registry.npmjs.org/invariant/-/invariant-2.2.4.tgz 0ms (cache hit)
151 http cache imurmurhash@https://registry.npmjs.org/imurmurhash/-/imurmurhash-0.1.4.tgz 0ms (cache hit)
152 http cache ignore@https://registry.npmjs.org/ignore/-/ignore-5.3.2.tgz 0ms (cache hit)
153 http cache isexe@https://registry.npmjs.org/isexe/-/isexe-2.0.0.tgz 0ms (cache hit)
154 http cache hermes-parser@https://registry.npmjs.org/hermes-parser/-/hermes-parser-0.25.1.tgz 0ms (cache hit)
155 http cache hermes-estree@https://registry.npmjs.org/hermes-estree/-/hermes-estree-0.25.1.tgz 0ms (cache hit)
156 http cache is-extglob@https://registry.npmjs.org/is-extglob/-/is-extglob-2.1.1.tgz 0ms (cache hit)
157 http cache globals@https://registry.npmjs.org/globals/-/globals-17.6.0.tgz 0ms (cache hit)
158 http cache glob-parent@https://registry.npmjs.org/glob-parent/-/glob-parent-6.0.2.tgz 0ms (cache hit)
159 http cache gensync@https://registry.npmjs.org/gensync/-/gensync-1.0.0-beta.2.tgz 0ms (cache hit)
160 http cache fsevents@https://registry.npmjs.org/fsevents/-/fsevents-2.3.3.tgz 0ms (cache hit)
161 http cache flatted@https://registry.npmjs.org/flatted/-/flatted-3.4.2.tgz 0ms (cache hit)
162 http cache find-up@https://registry.npmjs.org/find-up/-/find-up-5.0.0.tgz 0ms (cache hit)
163 http cache flat-cache@https://registry.npmjs.org/flat-cache/-/flat-cache-4.0.1.tgz 0ms (cache hit)
164 http cache file-entry-cache@https://registry.npmjs.org/file-entry-cache/-/file-entry-cache-8.0.0.tgz 0ms (cache hit)
165 http cache fdir@https://registry.npmjs.org/fdir/-/fdir-6.5.0.tgz 0ms (cache hit)
166 http cache fast-json-stable-stringify@https://registry.npmjs.org/fast-json-stable-stringify/-/fast-json-stable-stringify-2.1.0.tgz 0ms (cache hit)
167 http cache esutils@https://registry.npmjs.org/esutils/-/esutils-2.0.3.tgz 0ms (cache hit)
168 http cache fast-levenshtein@https://registry.npmjs.org/fast-levenshtein/-/fast-levenshtein-2.0.6.tgz 0ms (cache hit)
169 http cache estraverse@https://registry.npmjs.org/estraverse/-/estraverse-5.3.0.tgz 0ms (cache hit)
170 http cache esrecurse@https://registry.npmjs.org/esrecurse/-/esrecurse-4.3.0.tgz 0ms (cache hit)
171 http cache esquery@https://registry.npmjs.org/esquery/-/esquery-1.7.0.tgz 0ms (cache hit)
172 http cache espree@https://registry.npmjs.org/espree/-/espree-11.2.0.tgz 0ms (cache hit)
173 http cache eslint-visitor-keys@https://registry.npmjs.org/eslint-visitor-keys/-/eslint-visitor-keys-5.0.1.tgz 0ms (cache hit)
174 http cache fast-deep-equal@https://registry.npmjs.org/fast-deep-equal/-/fast-deep-equal-3.1.3.tgz 0ms (cache hit)
175 http cache eslint-scope@https://registry.npmjs.org/eslint-scope/-/eslint-scope-9.1.2.tgz 0ms (cache hit)
176 http cache eslint-plugin-react-refresh@https://registry.npmjs.org/eslint-plugin-react-refresh/-/eslint-plugin-react-refresh-0.5.2.tgz 0ms (cache hit)
177 http cache eslint-plugin-react-hooks@https://registry.npmjs.org/eslint-plugin-react-hooks/-/eslint-plugin-react-hooks-7.1.1.tgz 0ms (cache hit)
178 http cache eslint@https://registry.npmjs.org/eslint/-/eslint-10.3.0.tgz 0ms (cache hit)
179 http cache escape-string-regexp@https://registry.npmjs.org/escape-string-regexp/-/escape-string-regexp-4.0.0.tgz 0ms (cache hit)
180 http cache escalade@https://registry.npmjs.org/escalade/-/escalade-3.2.0.tgz 0ms (cache hit)
181 http cache electron-to-chromium@https://registry.npmjs.org/electron-to-chromium/-/electron-to-chromium-1.5.351.tgz 0ms (cache hit)
182 http cache detect-libc@https://registry.npmjs.org/detect-libc/-/detect-libc-2.1.2.tgz 0ms (cache hit)
183 http cache deep-is@https://registry.npmjs.org/deep-is/-/deep-is-0.1.4.tgz 0ms (cache hit)
184 http cache debug@https://registry.npmjs.org/debug/-/debug-4.4.3.tgz 0ms (cache hit)
185 http cache csstype@https://registry.npmjs.org/csstype/-/csstype-3.2.3.tgz 0ms (cache hit)
186 http cache cookie@https://registry.npmjs.org/cookie/-/cookie-1.1.1.tgz 0ms (cache hit)
187 http cache convert-source-map@https://registry.npmjs.org/convert-source-map/-/convert-source-map-2.0.0.tgz 0ms (cache hit)
188 http cache cross-spawn@https://registry.npmjs.org/cross-spawn/-/cross-spawn-7.0.6.tgz 0ms (cache hit)
189 http cache caniuse-lite@https://registry.npmjs.org/caniuse-lite/-/caniuse-lite-1.0.30001792.tgz 0ms (cache hit)
190 http cache browserslist@https://registry.npmjs.org/browserslist/-/browserslist-4.28.2.tgz 0ms (cache hit)
191 http cache brace-expansion@https://registry.npmjs.org/brace-expansion/-/brace-expansion-5.0.5.tgz 0ms (cache hit)
192 http cache balanced-match@https://registry.npmjs.org/balanced-match/-/balanced-match-4.0.4.tgz 0ms (cache hit)
193 http cache baseline-browser-mapping@https://registry.npmjs.org/baseline-browser-mapping/-/baseline-browser-mapping-2.10.27.tgz 0ms (cache hit)
194 http cache ajv@https://registry.npmjs.org/ajv/-/ajv-6.15.0.tgz 0ms (cache hit)
195 http cache acorn-jsx@https://registry.npmjs.org/acorn-jsx/-/acorn-jsx-5.3.2.tgz 0ms (cache hit)
196 http cache acorn@https://registry.npmjs.org/acorn/-/acorn-8.16.0.tgz 0ms (cache hit)
197 http cache @vitejs/plugin-react@https://registry.npmjs.org/@vitejs/plugin-react/-/plugin-react-6.0.1.tgz 0ms (cache hit)
198 http cache @typescript-eslint/visitor-keys@https://registry.npmjs.org/@typescript-eslint/visitor-keys/-/visitor-keys-8.59.2.tgz 0ms (cache hit)
199 http cache @typescript-eslint/utils@https://registry.npmjs.org/@typescript-eslint/utils/-/utils-8.59.2.tgz 0ms (cache hit)
200 http cache @typescript-eslint/typescript-estree@https://registry.npmjs.org/@typescript-eslint/typescript-estree/-/typescript-estree-8.59.2.tgz 0ms (cache hit)
201 http cache @typescript-eslint/types@https://registry.npmjs.org/@typescript-eslint/types/-/types-8.59.2.tgz 0ms (cache hit)
202 http cache @typescript-eslint/type-utils@https://registry.npmjs.org/@typescript-eslint/type-utils/-/type-utils-8.59.2.tgz 0ms (cache hit)
203 http cache @typescript-eslint/tsconfig-utils@https://registry.npmjs.org/@typescript-eslint/tsconfig-utils/-/tsconfig-utils-8.59.2.tgz 0ms (cache hit)
204 http cache @typescript-eslint/scope-manager@https://registry.npmjs.org/@typescript-eslint/scope-manager/-/scope-manager-8.59.2.tgz 0ms (cache hit)
205 http cache @typescript-eslint/project-service@https://registry.npmjs.org/@typescript-eslint/project-service/-/project-service-8.59.2.tgz 0ms (cache hit)
206 http cache @types/react-dom@https://registry.npmjs.org/@types/react-dom/-/react-dom-19.2.3.tgz 0ms (cache hit)
207 http cache @typescript-eslint/eslint-plugin@https://registry.npmjs.org/@typescript-eslint/eslint-plugin/-/eslint-plugin-8.59.2.tgz 0ms (cache hit)
208 http cache @types/react@https://registry.npmjs.org/@types/react/-/react-19.2.14.tgz 0ms (cache hit)
209 http cache @typescript-eslint/parser@https://registry.npmjs.org/@typescript-eslint/parser/-/parser-8.59.2.tgz 0ms (cache hit)
210 http cache @types/node@https://registry.npmjs.org/@types/node/-/node-24.12.2.tgz 0ms (cache hit)
211 http cache @types/json-schema@https://registry.npmjs.org/@types/json-schema/-/json-schema-7.0.15.tgz 0ms (cache hit)
212 http cache @types/esrecurse@https://registry.npmjs.org/@types/esrecurse/-/esrecurse-4.3.1.tgz 0ms (cache hit)
213 http cache @types/estree@https://registry.npmjs.org/@types/estree/-/estree-1.0.8.tgz 0ms (cache hit)
214 http cache @tybys/wasm-util@https://registry.npmjs.org/@tybys/wasm-util/-/wasm-util-0.10.2.tgz 0ms (cache hit)
215 http cache @rolldown/binding-darwin-arm64@https://registry.npmjs.org/@rolldown/binding-darwin-arm64/-/binding-darwin-arm64-1.0.0-rc.17.tgz 0ms (cache hit)
216 http cache @rolldown/pluginutils@https://registry.npmjs.org/@rolldown/pluginutils/-/pluginutils-1.0.0-rc.7.tgz 0ms (cache hit)
217 http cache @oxc-project/types@https://registry.npmjs.org/@oxc-project/types/-/types-0.127.0.tgz 0ms (cache hit)
218 http cache @napi-rs/wasm-runtime@https://registry.npmjs.org/@napi-rs/wasm-runtime/-/wasm-runtime-1.1.4.tgz 0ms (cache hit)
219 http cache @jridgewell/trace-mapping@https://registry.npmjs.org/@jridgewell/trace-mapping/-/trace-mapping-0.3.31.tgz 0ms (cache hit)
220 http cache @jridgewell/resolve-uri@https://registry.npmjs.org/@jridgewell/resolve-uri/-/resolve-uri-3.1.2.tgz 0ms (cache hit)
221 http cache @jridgewell/sourcemap-codec@https://registry.npmjs.org/@jridgewell/sourcemap-codec/-/sourcemap-codec-1.5.5.tgz 0ms (cache hit)
222 http cache @jridgewell/gen-mapping@https://registry.npmjs.org/@jridgewell/gen-mapping/-/gen-mapping-0.3.13.tgz 0ms (cache hit)
223 http cache @jridgewell/remapping@https://registry.npmjs.org/@jridgewell/remapping/-/remapping-2.3.5.tgz 0ms (cache hit)
224 http cache @humanwhocodes/retry@https://registry.npmjs.org/@humanwhocodes/retry/-/retry-0.4.3.tgz 0ms (cache hit)
225 http cache @humanwhocodes/module-importer@https://registry.npmjs.org/@humanwhocodes/module-importer/-/module-importer-1.0.1.tgz 0ms (cache hit)
226 http cache @humanfs/types@https://registry.npmjs.org/@humanfs/types/-/types-0.15.0.tgz 0ms (cache hit)
227 http cache @humanfs/node@https://registry.npmjs.org/@humanfs/node/-/node-0.16.8.tgz 0ms (cache hit)
228 http cache @humanfs/core@https://registry.npmjs.org/@humanfs/core/-/core-0.19.2.tgz 0ms (cache hit)
229 http cache @eslint/plugin-kit@https://registry.npmjs.org/@eslint/plugin-kit/-/plugin-kit-0.7.1.tgz 0ms (cache hit)
230 http cache @eslint/js@https://registry.npmjs.org/@eslint/js/-/js-10.0.1.tgz 0ms (cache hit)
231 http cache @eslint/core@https://registry.npmjs.org/@eslint/core/-/core-1.2.1.tgz 0ms (cache hit)
232 http cache @eslint/object-schema@https://registry.npmjs.org/@eslint/object-schema/-/object-schema-3.0.5.tgz 0ms (cache hit)
233 http cache @eslint/config-array@https://registry.npmjs.org/@eslint/config-array/-/config-array-0.23.5.tgz 0ms (cache hit)
234 http cache @eslint/config-helpers@https://registry.npmjs.org/@eslint/config-helpers/-/config-helpers-0.5.5.tgz 0ms (cache hit)
235 http cache @eslint-community/regexpp@https://registry.npmjs.org/@eslint-community/regexpp/-/regexpp-4.12.2.tgz 0ms (cache hit)
236 http cache @emnapi/wasi-threads@https://registry.npmjs.org/@emnapi/wasi-threads/-/wasi-threads-1.2.1.tgz 0ms (cache hit)
237 http cache @emnapi/runtime@https://registry.npmjs.org/@emnapi/runtime/-/runtime-1.10.0.tgz 0ms (cache hit)
238 http cache @eslint-community/eslint-utils@https://registry.npmjs.org/@eslint-community/eslint-utils/-/eslint-utils-4.9.1.tgz 0ms (cache hit)
239 http cache @emnapi/core@https://registry.npmjs.org/@emnapi/core/-/core-1.10.0.tgz 0ms (cache hit)
240 http cache @babel/traverse@https://registry.npmjs.org/@babel/traverse/-/traverse-7.29.0.tgz 0ms (cache hit)
241 http cache @babel/types@https://registry.npmjs.org/@babel/types/-/types-7.29.0.tgz 0ms (cache hit)
242 http cache @babel/template@https://registry.npmjs.org/@babel/template/-/template-7.28.6.tgz 0ms (cache hit)
243 http cache @babel/parser@https://registry.npmjs.org/@babel/parser/-/parser-7.29.3.tgz 0ms (cache hit)
244 http cache @babel/helpers@https://registry.npmjs.org/@babel/helpers/-/helpers-7.29.2.tgz 0ms (cache hit)
245 http cache @babel/helper-validator-identifier@https://registry.npmjs.org/@babel/helper-validator-identifier/-/helper-validator-identifier-7.28.5.tgz 0ms (cache hit)
246 http cache @babel/helper-validator-option@https://registry.npmjs.org/@babel/helper-validator-option/-/helper-validator-option-7.27.1.tgz 0ms (cache hit)
247 http cache @babel/helper-string-parser@https://registry.npmjs.org/@babel/helper-string-parser/-/helper-string-parser-7.27.1.tgz 0ms (cache hit)
248 http cache @babel/helper-module-transforms@https://registry.npmjs.org/@babel/helper-module-transforms/-/helper-module-transforms-7.28.6.tgz 0ms (cache hit)
249 http cache @babel/helper-module-imports@https://registry.npmjs.org/@babel/helper-module-imports/-/helper-module-imports-7.28.6.tgz 0ms (cache hit)
250 http cache @babel/helper-globals@https://registry.npmjs.org/@babel/helper-globals/-/helper-globals-7.28.0.tgz 0ms (cache hit)
251 http cache @babel/generator@https://registry.npmjs.org/@babel/generator/-/generator-7.29.1.tgz 0ms (cache hit)
252 http cache @babel/helper-compilation-targets@https://registry.npmjs.org/@babel/helper-compilation-targets/-/helper-compilation-targets-7.28.6.tgz 0ms (cache hit)
253 http cache @babel/code-frame@https://registry.npmjs.org/@babel/code-frame/-/code-frame-7.29.0.tgz 0ms (cache hit)
254 http cache ignore@https://registry.npmjs.org/ignore/-/ignore-7.0.5.tgz 0ms (cache hit)
255 http cache semver@https://registry.npmjs.org/semver/-/semver-7.7.4.tgz 0ms (cache hit)
256 http cache @babel/core@https://registry.npmjs.org/@babel/core/-/core-7.29.0.tgz 0ms (cache hit)
257 http cache @babel/compat-data@https://registry.npmjs.org/@babel/compat-data/-/compat-data-7.29.3.tgz 0ms (cache hit)
258 silly tarball no local data for react-helmet-async@https://registry.npmjs.org/react-helmet-async/-/react-helmet-async-2.0.5.tgz. Extracting by manifest.
259 http cache @rolldown/pluginutils@https://registry.npmjs.org/@rolldown/pluginutils/-/pluginutils-1.0.0-rc.17.tgz 0ms (cache hit)
260 http cache eslint-visitor-keys@https://registry.npmjs.org/eslint-visitor-keys/-/eslint-visitor-keys-3.4.3.tgz 0ms (cache hit)
261 silly tarball no local data for shallowequal@https://registry.npmjs.org/shallowequal/-/shallowequal-1.1.0.tgz. Extracting by manifest.
262 silly tarball no local data for react-fast-compare@https://registry.npmjs.org/react-fast-compare/-/react-fast-compare-3.2.2.tgz. Extracting by manifest.
263 silly tarball no local data for loose-envify@https://registry.npmjs.org/loose-envify/-/loose-envify-1.4.0.tgz. Extracting by manifest.
264 silly tarball no local data for invariant@https://registry.npmjs.org/invariant/-/invariant-2.2.4.tgz. Extracting by manifest.
265 http fetch GET 200 https://registry.npmjs.org/invariant/-/invariant-2.2.4.tgz 481ms (cache miss)
266 http fetch GET 200 https://registry.npmjs.org/loose-envify/-/loose-envify-1.4.0.tgz 483ms (cache miss)
267 http fetch GET 200 https://registry.npmjs.org/shallowequal/-/shallowequal-1.1.0.tgz 491ms (cache miss)
268 http fetch POST 200 https://registry.npmjs.org/-/npm/v1/security/advisories/bulk 540ms
269 silly audit report {
269 silly audit report   'brace-expansion': [
269 silly audit report     {
269 silly audit report       id: 1119088,
269 silly audit report       url: 'https://github.com/advisories/GHSA-jxxr-4gwj-5jf2',
269 silly audit report       title: 'brace-expansion: Large numeric range defeats documented `max` DoS protection',
269 silly audit report       severity: 'moderate',
269 silly audit report       vulnerable_versions: '>=5.0.0 <5.0.6',
269 silly audit report       cwe: [Array],
269 silly audit report       cvss: [Object]
269 silly audit report     }
269 silly audit report   ]
269 silly audit report }
270 silly packumentCache corgi:https://registry.npmjs.org/brace-expansion cache-miss
271 http fetch GET 200 https://registry.npmjs.org/react-fast-compare/-/react-fast-compare-3.2.2.tgz 496ms (cache miss)
272 http fetch GET 200 https://registry.npmjs.org/react-helmet-async/-/react-helmet-async-2.0.5.tgz 520ms (cache miss)
273 http fetch GET 200 https://registry.npmjs.org/brace-expansion 119ms (cache miss)
274 silly packumentCache corgi:https://registry.npmjs.org/brace-expansion set size:undefined disposed:false
275 silly packumentCache corgi:https://registry.npmjs.org/minimatch cache-miss
276 http fetch GET 200 https://registry.npmjs.org/minimatch 95ms (cache miss)
277 silly packumentCache corgi:https://registry.npmjs.org/minimatch set size:undefined disposed:false
278 silly ADD node_modules/react-helmet-async
279 silly ADD node_modules/zod-validation-error
280 silly ADD node_modules/zod
281 silly ADD node_modules/yocto-queue
282 silly ADD node_modules/yallist
283 silly ADD node_modules/word-wrap
284 silly ADD node_modules/which
285 silly ADD node_modules/vite
286 silly ADD node_modules/uri-js
287 silly ADD node_modules/update-browserslist-db
288 silly ADD node_modules/undici-types
289 silly ADD node_modules/typescript-eslint
290 silly ADD node_modules/typescript
291 silly ADD node_modules/type-check
292 silly ADD
293 silly ADD node_modules/ts-api-utils
294 silly ADD node_modules/tinyglobby
295 silly ADD node_modules/source-map-js
296 silly ADD node_modules/shebang-regex
297 silly ADD node_modules/shebang-command
298 silly ADD node_modules/shallowequal
299 silly ADD node_modules/set-cookie-parser
300 silly ADD node_modules/semver
301 silly ADD node_modules/scheduler
302 silly ADD node_modules/rolldown
303 silly ADD node_modules/rolldown/node_modules/@rolldown/pluginutils
304 silly ADD node_modules/react-router-dom
305 silly ADD node_modules/react-router
306 silly ADD node_modules/react-fast-compare
307 silly ADD node_modules/react-dom
308 silly ADD node_modules/react
309 silly ADD node_modules/punycode
310 silly ADD node_modules/prelude-ls
311 silly ADD node_modules/postcss
312 silly ADD node_modules/picomatch
313 silly ADD node_modules/picocolors
314 silly ADD node_modules/path-key
315 silly ADD node_modules/path-exists
316 silly ADD node_modules/p-locate
317 silly ADD node_modules/p-limit
318 silly ADD node_modules/optionator
319 silly ADD node_modules/node-releases
320 silly ADD node_modules/natural-compare
321 silly ADD node_modules/nanoid
322 silly ADD node_modules/ms
323 silly ADD node_modules/minimatch
324 silly ADD node_modules/lru-cache
325 silly ADD node_modules/loose-envify
326 silly ADD node_modules/locate-path
327 silly ADD
328 silly ADD
329 silly ADD
330 silly ADD
331 silly ADD
332 silly ADD
333 silly ADD
334 silly ADD
335 silly ADD
336 silly ADD node_modules/lightningcss-darwin-arm64
337 silly ADD
338 silly ADD node_modules/lightningcss
339 silly ADD node_modules/levn
340 silly ADD node_modules/keyv
341 silly ADD node_modules/json5
342 silly ADD node_modules/json-stable-stringify-without-jsonify
343 silly ADD node_modules/json-schema-traverse
344 silly ADD node_modules/json-buffer
345 silly ADD node_modules/jsesc
346 silly ADD node_modules/js-tokens
347 silly ADD node_modules/isexe
348 silly ADD node_modules/is-glob
349 silly ADD node_modules/is-extglob
350 silly ADD node_modules/invariant
351 silly ADD node_modules/imurmurhash
352 silly ADD node_modules/ignore
353 silly ADD node_modules/hermes-parser
354 silly ADD node_modules/hermes-estree
355 silly ADD node_modules/globals
356 silly ADD node_modules/glob-parent
357 silly ADD node_modules/gensync
358 silly ADD node_modules/fsevents
359 silly ADD node_modules/flatted
360 silly ADD node_modules/flat-cache
361 silly ADD node_modules/find-up
362 silly ADD node_modules/file-entry-cache
363 silly ADD node_modules/fdir
364 silly ADD node_modules/fast-levenshtein
365 silly ADD node_modules/fast-json-stable-stringify
366 silly ADD node_modules/fast-deep-equal
367 silly ADD node_modules/esutils
368 silly ADD node_modules/estraverse
369 silly ADD node_modules/esrecurse
370 silly ADD node_modules/esquery
371 silly ADD node_modules/espree
372 silly ADD node_modules/eslint-visitor-keys
373 silly ADD node_modules/eslint-scope
374 silly ADD node_modules/eslint-plugin-react-refresh
375 silly ADD node_modules/eslint-plugin-react-hooks
376 silly ADD node_modules/eslint
377 silly ADD node_modules/escape-string-regexp
378 silly ADD node_modules/escalade
379 silly ADD node_modules/electron-to-chromium
380 silly ADD node_modules/detect-libc
381 silly ADD node_modules/deep-is
382 silly ADD node_modules/debug
383 silly ADD node_modules/csstype
384 silly ADD node_modules/cross-spawn
385 silly ADD node_modules/cookie
386 silly ADD node_modules/convert-source-map
387 silly ADD node_modules/caniuse-lite
388 silly ADD node_modules/browserslist
389 silly ADD node_modules/brace-expansion
390 silly ADD node_modules/baseline-browser-mapping
391 silly ADD node_modules/balanced-match
392 silly ADD node_modules/ajv
393 silly ADD node_modules/acorn-jsx
394 silly ADD node_modules/acorn
395 silly ADD node_modules/@vitejs/plugin-react
396 silly ADD node_modules/@typescript-eslint/visitor-keys
397 silly ADD node_modules/@typescript-eslint/utils
398 silly ADD node_modules/@typescript-eslint/typescript-estree
399 silly ADD node_modules/@typescript-eslint/typescript-estree/node_modules/semver
400 silly ADD node_modules/@typescript-eslint/types
401 silly ADD node_modules/@typescript-eslint/type-utils
402 silly ADD node_modules/@typescript-eslint/tsconfig-utils
403 silly ADD node_modules/@typescript-eslint/scope-manager
404 silly ADD node_modules/@typescript-eslint/project-service
405 silly ADD node_modules/@typescript-eslint/parser
406 silly ADD node_modules/@typescript-eslint/eslint-plugin
407 silly ADD node_modules/@typescript-eslint/eslint-plugin/node_modules/ignore
408 silly ADD node_modules/@types/react-dom
409 silly ADD node_modules/@types/react
410 silly ADD node_modules/@types/node
411 silly ADD node_modules/@types/json-schema
412 silly ADD node_modules/@types/estree
413 silly ADD node_modules/@types/esrecurse
414 silly ADD
415 silly ADD node_modules/@rolldown/pluginutils
416 silly ADD
417 silly ADD
418 silly ADD
419 silly ADD
420 silly ADD
421 silly ADD
422 silly ADD
423 silly ADD
424 silly ADD
425 silly ADD
426 silly ADD
427 silly ADD
428 silly ADD
429 silly ADD node_modules/@rolldown/binding-darwin-arm64
430 silly ADD
431 silly ADD node_modules/@oxc-project/types
432 silly ADD
433 silly ADD node_modules/@jridgewell/trace-mapping
434 silly ADD node_modules/@jridgewell/sourcemap-codec
435 silly ADD node_modules/@jridgewell/resolve-uri
436 silly ADD node_modules/@jridgewell/remapping
437 silly ADD node_modules/@jridgewell/gen-mapping
438 silly ADD node_modules/@humanwhocodes/retry
439 silly ADD node_modules/@humanwhocodes/module-importer
440 silly ADD node_modules/@humanfs/types
441 silly ADD node_modules/@humanfs/node
442 silly ADD node_modules/@humanfs/core
443 silly ADD node_modules/@eslint/plugin-kit
444 silly ADD node_modules/@eslint/object-schema
445 silly ADD node_modules/@eslint/js
446 silly ADD node_modules/@eslint/core
447 silly ADD node_modules/@eslint/config-helpers
448 silly ADD node_modules/@eslint/config-array
449 silly ADD node_modules/@eslint-community/regexpp
450 silly ADD node_modules/@eslint-community/eslint-utils
451 silly ADD node_modules/@eslint-community/eslint-utils/node_modules/eslint-visitor-keys
452 silly ADD
453 silly ADD
454 silly ADD
455 silly ADD node_modules/@babel/types
456 silly ADD node_modules/@babel/traverse
457 silly ADD node_modules/@babel/template
458 silly ADD node_modules/@babel/parser
459 silly ADD node_modules/@babel/helpers
460 silly ADD node_modules/@babel/helper-validator-option
461 silly ADD node_modules/@babel/helper-validator-identifier
462 silly ADD node_modules/@babel/helper-string-parser
463 silly ADD node_modules/@babel/helper-module-transforms
464 silly ADD node_modules/@babel/helper-module-imports
465 silly ADD node_modules/@babel/helper-globals
466 silly ADD node_modules/@babel/helper-compilation-targets
467 silly ADD node_modules/@babel/generator
468 silly ADD node_modules/@babel/core
469 silly ADD node_modules/@babel/compat-data
470 silly ADD node_modules/@babel/code-frame
471 verbose cwd /Users/soledadarismendi/Sites/Laboratoryum/web-4
472 verbose os Darwin 25.3.0
473 verbose node v23.7.0
474 verbose npm  v10.9.2
475 verbose exit 0
476 info ok
